/home/sam/projects/Minor Project-II/ml/.venv/bin/python3 scripts/train_baseline.py --reports-dir reports/baseline_param_sweep/00_baseline_expanded_grids --model-dir models/baseline_param_sweep/00_baseline_expanded_grids --use-expanded-threshold-grid --use-widened-c-grid --max-features 50000 --ngram-min 1 --ngram-max 2 --min-df 2 --max-df 1.0 --sublinear-tf --use-idf --stop-words none --strip-accents unicode --class-weight balanced --solver lbfgs --url-features

tune_on_validation: fitting LogisticRegression(C=0.01) on TRAIN...
tune_on_validation: fitting LogisticRegression(C=0.05) on TRAIN...
tune_on_validation: fitting LogisticRegression(C=0.1) on TRAIN...
tune_on_validation: fitting LogisticRegression(C=0.25) on TRAIN...
tune_on_validation: fitting LogisticRegression(C=0.5) on TRAIN...
tune_on_validation: fitting LogisticRegression(C=1.0) on TRAIN...
tune_on_validation: fitting LogisticRegression(C=2.0) on TRAIN...
tune_on_validation: fitting LogisticRegression(C=4.0) on TRAIN...
tune_on_validation: fitting LogisticRegression(C=8.0) on TRAIN...
tune_on_validation: fitting LogisticRegression(C=16.0) on TRAIN...
tune_on_validation: fitting LogisticRegression(C=32.0) on TRAIN...
tune_on_validation: fitting LogisticRegression(C=64.0) on TRAIN...
Wrote models/baseline_param_sweep/00_baseline_expanded_grids/pipeline.joblib
Train rows: 49958  Val rows: 14275  Test rows: 7137
Frozen C: 1.0  Frozen threshold: 0.2  Reason: max_scam_recall_subject_to_legit_recall_floor
TEST scam class -> precision: 0.877  recall: 0.995  f1: 0.932
TEST confusion matrix ([[TN, FP], [FN, TP]]): [[3176, 487], [16, 3458]]
Wrote reports/baseline_param_sweep/00_baseline_expanded_grids/baseline_metrics.json, reports/baseline_param_sweep/00_baseline_expanded_grids/val_metrics.json, and reports/baseline_param_sweep/00_baseline_expanded_grids/confusion_matrix.png


/home/sam/projects/Minor Project-II/ml/.venv/bin/python3 scripts/evaluate_chat_style_eval.py --reports-dir reports/baseline_param_sweep/00_baseline_expanded_grids

Fitted on 64233 TRAIN+VAL rows; evaluated on 200 locked chat-eval rows (threshold=0.2, C=1.0)
Scam class    -> precision: 0.588  recall: 1.000  f1: 0.741
Legitimate    -> precision: 1.000  recall: 0.300  f1: 0.462
Confusion matrix ([[TN, FP], [FN, TP]]): [[30, 70], [0, 100]]
Wrote reports/baseline_param_sweep/00_baseline_expanded_grids/chat_style_eval_metrics.json
