/home/sam/projects/Minor Project-II/ml/.venv/bin/python3 scripts/train_baseline.py --reports-dir reports/baseline_param_sweep/19_solver_saga --model-dir models/baseline_param_sweep/19_solver_saga --use-expanded-threshold-grid --use-widened-c-grid --max-features 50000 --ngram-min 1 --ngram-max 2 --min-df 2 --max-df 1.0 --sublinear-tf --use-idf --stop-words none --strip-accents unicode --class-weight balanced --solver saga --url-features

tune_on_validation: fitting LogisticRegression(C=0.01) on TRAIN...
tune_on_validation: fitting LogisticRegression(C=0.05) on TRAIN...
/home/sam/projects/Minor Project-II/ml/.venv/lib/python3.11/site-packages/sklearn/linear_model/_sag.py:348: ConvergenceWarning: The max_iter was reached which means the coef_ did not converge
  warnings.warn(
tune_on_validation: fitting LogisticRegression(C=0.1) on TRAIN...
/home/sam/projects/Minor Project-II/ml/.venv/lib/python3.11/site-packages/sklearn/linear_model/_sag.py:348: ConvergenceWarning: The max_iter was reached which means the coef_ did not converge
  warnings.warn(
tune_on_validation: fitting LogisticRegression(C=0.25) on TRAIN...
/home/sam/projects/Minor Project-II/ml/.venv/lib/python3.11/site-packages/sklearn/linear_model/_sag.py:348: ConvergenceWarning: The max_iter was reached which means the coef_ did not converge
  warnings.warn(
tune_on_validation: fitting LogisticRegression(C=0.5) on TRAIN...
/home/sam/projects/Minor Project-II/ml/.venv/lib/python3.11/site-packages/sklearn/linear_model/_sag.py:348: ConvergenceWarning: The max_iter was reached which means the coef_ did not converge
  warnings.warn(
tune_on_validation: fitting LogisticRegression(C=1.0) on TRAIN...
/home/sam/projects/Minor Project-II/ml/.venv/lib/python3.11/site-packages/sklearn/linear_model/_sag.py:348: ConvergenceWarning: The max_iter was reached which means the coef_ did not converge
  warnings.warn(
tune_on_validation: fitting LogisticRegression(C=2.0) on TRAIN...
/home/sam/projects/Minor Project-II/ml/.venv/lib/python3.11/site-packages/sklearn/linear_model/_sag.py:348: ConvergenceWarning: The max_iter was reached which means the coef_ did not converge
  warnings.warn(
tune_on_validation: fitting LogisticRegression(C=4.0) on TRAIN...
/home/sam/projects/Minor Project-II/ml/.venv/lib/python3.11/site-packages/sklearn/linear_model/_sag.py:348: ConvergenceWarning: The max_iter was reached which means the coef_ did not converge
  warnings.warn(
tune_on_validation: fitting LogisticRegression(C=8.0) on TRAIN...
/home/sam/projects/Minor Project-II/ml/.venv/lib/python3.11/site-packages/sklearn/linear_model/_sag.py:348: ConvergenceWarning: The max_iter was reached which means the coef_ did not converge
  warnings.warn(
tune_on_validation: fitting LogisticRegression(C=16.0) on TRAIN...
/home/sam/projects/Minor Project-II/ml/.venv/lib/python3.11/site-packages/sklearn/linear_model/_sag.py:348: ConvergenceWarning: The max_iter was reached which means the coef_ did not converge
  warnings.warn(
tune_on_validation: fitting LogisticRegression(C=32.0) on TRAIN...
/home/sam/projects/Minor Project-II/ml/.venv/lib/python3.11/site-packages/sklearn/linear_model/_sag.py:348: ConvergenceWarning: The max_iter was reached which means the coef_ did not converge
  warnings.warn(
tune_on_validation: fitting LogisticRegression(C=64.0) on TRAIN...
/home/sam/projects/Minor Project-II/ml/.venv/lib/python3.11/site-packages/sklearn/linear_model/_sag.py:348: ConvergenceWarning: The max_iter was reached which means the coef_ did not converge
  warnings.warn(
/home/sam/projects/Minor Project-II/ml/.venv/lib/python3.11/site-packages/sklearn/linear_model/_sag.py:348: ConvergenceWarning: The max_iter was reached which means the coef_ did not converge
  warnings.warn(
Wrote models/baseline_param_sweep/19_solver_saga/pipeline.joblib
Train rows: 49958  Val rows: 14275  Test rows: 7137
Frozen C: 0.1  Frozen threshold: 0.4  Reason: max_scam_recall_subject_to_legit_recall_floor
TEST scam class -> precision: 0.868  recall: 0.982  f1: 0.921
TEST confusion matrix ([[TN, FP], [FN, TP]]): [[3143, 520], [63, 3411]]
Wrote reports/baseline_param_sweep/19_solver_saga/baseline_metrics.json, reports/baseline_param_sweep/19_solver_saga/val_metrics.json, and reports/baseline_param_sweep/19_solver_saga/confusion_matrix.png


/home/sam/projects/Minor Project-II/ml/.venv/bin/python3 scripts/evaluate_chat_style_eval.py --reports-dir reports/baseline_param_sweep/19_solver_saga

/home/sam/projects/Minor Project-II/ml/.venv/lib/python3.11/site-packages/sklearn/linear_model/_sag.py:348: ConvergenceWarning: The max_iter was reached which means the coef_ did not converge
  warnings.warn(
Fitted on 64233 TRAIN+VAL rows; evaluated on 200 locked chat-eval rows (threshold=0.4, C=0.1)
Scam class    -> precision: 0.592  recall: 1.000  f1: 0.743
Legitimate    -> precision: 1.000  recall: 0.310  f1: 0.473
Confusion matrix ([[TN, FP], [FN, TP]]): [[31, 69], [0, 100]]
Wrote reports/baseline_param_sweep/19_solver_saga/chat_style_eval_metrics.json
