/home/sam/projects/Minor Project-II/ml/.venv/bin/python3 scripts/train_baseline.py --reports-dir reports/baseline_param_sweep/07_ngram_range_2_2 --model-dir models/baseline_param_sweep/07_ngram_range_2_2 --use-expanded-threshold-grid --use-widened-c-grid --max-features 50000 --ngram-min 2 --ngram-max 2 --min-df 2 --max-df 1.0 --sublinear-tf --use-idf --stop-words none --strip-accents unicode --class-weight balanced --solver lbfgs --url-features

tune_on_validation: fitting LogisticRegression(C=0.01) on TRAIN...
tune_on_validation: fitting LogisticRegression(C=0.05) on TRAIN...
tune_on_validation: fitting LogisticRegression(C=0.1) on TRAIN...
tune_on_validation: fitting LogisticRegression(C=0.25) on TRAIN...
tune_on_validation: fitting LogisticRegression(C=0.5) on TRAIN...
tune_on_validation: fitting LogisticRegression(C=1.0) on TRAIN...
tune_on_validation: fitting LogisticRegression(C=2.0) on TRAIN...
tune_on_validation: fitting LogisticRegression(C=4.0) on TRAIN...
tune_on_validation: fitting LogisticRegression(C=8.0) on TRAIN...
tune_on_validation: fitting LogisticRegression(C=16.0) on TRAIN...
tune_on_validation: fitting LogisticRegression(C=32.0) on TRAIN...
tune_on_validation: fitting LogisticRegression(C=64.0) on TRAIN...
Wrote models/baseline_param_sweep/07_ngram_range_2_2/pipeline.joblib
Train rows: 49958  Val rows: 14275  Test rows: 7137
Frozen C: 4.0  Frozen threshold: 0.2  Reason: max_scam_recall_subject_to_legit_recall_floor
TEST scam class -> precision: 0.889  recall: 0.991  f1: 0.937
TEST confusion matrix ([[TN, FP], [FN, TP]]): [[3231, 432], [31, 3443]]
Wrote reports/baseline_param_sweep/07_ngram_range_2_2/baseline_metrics.json, reports/baseline_param_sweep/07_ngram_range_2_2/val_metrics.json, and reports/baseline_param_sweep/07_ngram_range_2_2/confusion_matrix.png


/home/sam/projects/Minor Project-II/ml/.venv/bin/python3 scripts/evaluate_chat_style_eval.py --reports-dir reports/baseline_param_sweep/07_ngram_range_2_2

Fitted on 64233 TRAIN+VAL rows; evaluated on 200 locked chat-eval rows (threshold=0.2, C=4.0)
Scam class    -> precision: 0.576  recall: 0.980  f1: 0.726
Legitimate    -> precision: 0.933  recall: 0.280  f1: 0.431
Confusion matrix ([[TN, FP], [FN, TP]]): [[28, 72], [2, 98]]
Wrote reports/baseline_param_sweep/07_ngram_range_2_2/chat_style_eval_metrics.json
