/home/sam/projects/Minor Project-II/ml/.venv/bin/python3 scripts/train_lstm.py --reports-dir reports/lstm_param_sweep/17_dropout_0 --model-dir models/lstm_param_sweep/17_dropout_0 --use-expanded-threshold-grid --embed-dim 128 --hidden-size 128 --num-layers 1 --dropout 0.0 --max-tokens 128 --max-vocab-size 25000 --batch-size 128 --learning-rate 0.001 --epochs 4 --weight-decay 0.0 --grad-clip 1.0 --class-weight balanced --eval-batch-size 256 --url-features

Device: cuda  fp16: False (cuda_fp32_lstm_amp_unstable)
Train rows: 49958  Val rows: 14275  Test rows: 7137
TRAIN vocab_size=25000  rows truncated at max_tokens=128: 930
train_model: epoch 1/4  mean_loss=0.1887
train_model: epoch 2/4  mean_loss=0.0806
train_model: epoch 3/4  mean_loss=0.0486
train_model: epoch 4/4  mean_loss=0.0305
TRAIN wall-clock seconds: 40.1
Frozen threshold: 0.2  Reason: max_scam_recall_subject_to_legit_recall_floor  floor_feasible=True
TEST scam class -> precision: 0.965  recall: 0.980  f1: 0.972
TEST confusion matrix ([[TN, FP], [FN, TP]]): [[3541, 122], [71, 3403]]
Wrote reports/lstm_param_sweep/17_dropout_0/test_metrics.json, reports/lstm_param_sweep/17_dropout_0/val_metrics.json, and reports/lstm_param_sweep/17_dropout_0/confusion_matrix.png
Chat eval: 200 locked rows (threshold=0.2, fitted on 49958 TRAIN rows)
Chat eval scam  -> precision: 0.792  recall: 0.840  f1: 0.816
Chat eval legit -> precision: 0.830  recall: 0.780  f1: 0.804
Chat eval confusion matrix ([[TN, FP], [FN, TP]]): [[78, 22], [16, 84]]
Wrote reports/lstm_param_sweep/17_dropout_0/chat_style_eval_metrics.json and reports/lstm_param_sweep/17_dropout_0/chat_eval_confusion_matrix.png
Wrote reports/lstm_param_sweep/17_dropout_0/comparison_vs_tfidf_and_distilbert.json
Wrote reports/lstm_param_sweep/17_dropout_0/link_error_analysis.json
Wrote reports/lstm_param_sweep/17_dropout_0/char_lstm_decision.md  verdict=do_not_explore_char_lstm
