/home/sam/projects/Minor Project-II/ml/.venv/bin/python3 scripts/train_baseline.py --reports-dir reports/baseline_param_sweep/01_max_features_10000 --model-dir models/baseline_param_sweep/01_max_features_10000 --use-expanded-threshold-grid --use-widened-c-grid --max-features 10000 --ngram-min 1 --ngram-max 2 --min-df 2 --max-df 1.0 --sublinear-tf --use-idf --stop-words none --strip-accents unicode --class-weight balanced --solver lbfgs --url-features

tune_on_validation: fitting LogisticRegression(C=0.01) on TRAIN...
tune_on_validation: fitting LogisticRegression(C=0.05) on TRAIN...
tune_on_validation: fitting LogisticRegression(C=0.1) on TRAIN...
tune_on_validation: fitting LogisticRegression(C=0.25) on TRAIN...
tune_on_validation: fitting LogisticRegression(C=0.5) on TRAIN...
tune_on_validation: fitting LogisticRegression(C=1.0) on TRAIN...
tune_on_validation: fitting LogisticRegression(C=2.0) on TRAIN...
tune_on_validation: fitting LogisticRegression(C=4.0) on TRAIN...
tune_on_validation: fitting LogisticRegression(C=8.0) on TRAIN...
tune_on_validation: fitting LogisticRegression(C=16.0) on TRAIN...
tune_on_validation: fitting LogisticRegression(C=32.0) on TRAIN...
tune_on_validation: fitting LogisticRegression(C=64.0) on TRAIN...
Wrote models/baseline_param_sweep/01_max_features_10000/pipeline.joblib
Train rows: 49958  Val rows: 14275  Test rows: 7137
Frozen C: 1.0  Frozen threshold: 0.2  Reason: max_scam_recall_subject_to_legit_recall_floor
TEST scam class -> precision: 0.887  recall: 0.995  f1: 0.938
TEST confusion matrix ([[TN, FP], [FN, TP]]): [[3223, 440], [17, 3457]]
Wrote reports/baseline_param_sweep/01_max_features_10000/baseline_metrics.json, reports/baseline_param_sweep/01_max_features_10000/val_metrics.json, and reports/baseline_param_sweep/01_max_features_10000/confusion_matrix.png


/home/sam/projects/Minor Project-II/ml/.venv/bin/python3 scripts/evaluate_chat_style_eval.py --reports-dir reports/baseline_param_sweep/01_max_features_10000

Fitted on 64233 TRAIN+VAL rows; evaluated on 200 locked chat-eval rows (threshold=0.2, C=1.0)
Scam class    -> precision: 0.621  recall: 1.000  f1: 0.766
Legitimate    -> precision: 1.000  recall: 0.390  f1: 0.561
Confusion matrix ([[TN, FP], [FN, TP]]): [[39, 61], [0, 100]]
Wrote reports/baseline_param_sweep/01_max_features_10000/chat_style_eval_metrics.json
