/home/sam/projects/Minor Project-II/ml/.venv/bin/python3 scripts/train_lstm.py --reports-dir reports/lstm_param_sweep/22_max_vocab_size_50000 --model-dir models/lstm_param_sweep/22_max_vocab_size_50000 --use-expanded-threshold-grid --embed-dim 128 --hidden-size 128 --num-layers 1 --dropout 0.3 --max-tokens 128 --max-vocab-size 50000 --batch-size 128 --learning-rate 0.001 --epochs 4 --weight-decay 0.0 --grad-clip 1.0 --class-weight balanced --eval-batch-size 256 --url-features

Device: cuda  fp16: False (cuda_fp32_lstm_amp_unstable)
Train rows: 49958  Val rows: 14275  Test rows: 7137
TRAIN vocab_size=50000  rows truncated at max_tokens=128: 930
train_model: epoch 1/4  mean_loss=0.2278
train_model: epoch 2/4  mean_loss=0.1164
train_model: epoch 3/4  mean_loss=0.0857
train_model: epoch 4/4  mean_loss=0.0667
TRAIN wall-clock seconds: 39.5
Frozen threshold: 0.2  Reason: max_scam_recall_subject_to_legit_recall_floor  floor_feasible=True
TEST scam class -> precision: 0.948  recall: 0.986  f1: 0.967
TEST confusion matrix ([[TN, FP], [FN, TP]]): [[3476, 187], [49, 3425]]
Wrote reports/lstm_param_sweep/22_max_vocab_size_50000/test_metrics.json, reports/lstm_param_sweep/22_max_vocab_size_50000/val_metrics.json, and reports/lstm_param_sweep/22_max_vocab_size_50000/confusion_matrix.png
Chat eval: 200 locked rows (threshold=0.2, fitted on 49958 TRAIN rows)
Chat eval scam  -> precision: 0.667  recall: 0.900  f1: 0.766
Chat eval legit -> precision: 0.846  recall: 0.550  f1: 0.667
Chat eval confusion matrix ([[TN, FP], [FN, TP]]): [[55, 45], [10, 90]]
Wrote reports/lstm_param_sweep/22_max_vocab_size_50000/chat_style_eval_metrics.json and reports/lstm_param_sweep/22_max_vocab_size_50000/chat_eval_confusion_matrix.png
Wrote reports/lstm_param_sweep/22_max_vocab_size_50000/comparison_vs_tfidf_and_distilbert.json
Wrote reports/lstm_param_sweep/22_max_vocab_size_50000/link_error_analysis.json
Wrote reports/lstm_param_sweep/22_max_vocab_size_50000/char_lstm_decision.md  verdict=do_not_explore_char_lstm
