/home/sam/projects/Minor Project-II/ml/.venv/bin/python3 scripts/train_lstm.py --reports-dir reports/lstm_param_sweep/05_epochs_5 --model-dir models/lstm_param_sweep/05_epochs_5 --use-expanded-threshold-grid --embed-dim 128 --hidden-size 128 --num-layers 1 --dropout 0.3 --max-tokens 128 --max-vocab-size 25000 --batch-size 128 --learning-rate 0.001 --epochs 5 --weight-decay 0.0 --grad-clip 1.0 --class-weight balanced --eval-batch-size 256 --url-features

Device: cuda  fp16: False (cuda_fp32_lstm_amp_unstable)
Train rows: 49958  Val rows: 14275  Test rows: 7137
TRAIN vocab_size=25000  rows truncated at max_tokens=128: 930
train_model: epoch 1/5  mean_loss=0.2354
train_model: epoch 2/5  mean_loss=0.1162
train_model: epoch 3/5  mean_loss=0.0838
train_model: epoch 4/5  mean_loss=0.0681
train_model: epoch 5/5  mean_loss=0.0545
TRAIN wall-clock seconds: 47.2
Frozen threshold: 0.2  Reason: max_scam_recall_subject_to_legit_recall_floor  floor_feasible=True
TEST scam class -> precision: 0.900  recall: 0.995  f1: 0.945
TEST confusion matrix ([[TN, FP], [FN, TP]]): [[3278, 385], [16, 3458]]
Wrote reports/lstm_param_sweep/05_epochs_5/test_metrics.json, reports/lstm_param_sweep/05_epochs_5/val_metrics.json, and reports/lstm_param_sweep/05_epochs_5/confusion_matrix.png
Chat eval: 200 locked rows (threshold=0.2, fitted on 49958 TRAIN rows)
Chat eval scam  -> precision: 0.652  recall: 0.900  f1: 0.756
Chat eval legit -> precision: 0.839  recall: 0.520  f1: 0.642
Chat eval confusion matrix ([[TN, FP], [FN, TP]]): [[52, 48], [10, 90]]
Wrote reports/lstm_param_sweep/05_epochs_5/chat_style_eval_metrics.json and reports/lstm_param_sweep/05_epochs_5/chat_eval_confusion_matrix.png
Wrote reports/lstm_param_sweep/05_epochs_5/comparison_vs_tfidf_and_distilbert.json
Wrote reports/lstm_param_sweep/05_epochs_5/link_error_analysis.json
Wrote reports/lstm_param_sweep/05_epochs_5/char_lstm_decision.md  verdict=do_not_explore_char_lstm
