/home/sam/projects/Minor Project-II/ml/.venv/bin/python3 scripts/train_lstm.py --reports-dir reports/lstm_param_sweep/32_combo_epochs_8__learning_rate_5e-3__embed_dim_256 --model-dir models/lstm_param_sweep/32_combo_epochs_8__learning_rate_5e-3__embed_dim_256 --use-expanded-threshold-grid --embed-dim 256 --hidden-size 128 --num-layers 1 --dropout 0.3 --max-tokens 128 --max-vocab-size 25000 --batch-size 128 --learning-rate 0.005 --epochs 8 --weight-decay 0.0 --grad-clip 1.0 --class-weight balanced --eval-batch-size 256 --url-features

Device: cuda  fp16: False (cuda_fp32_lstm_amp_unstable)
Train rows: 49958  Val rows: 14275  Test rows: 7137
TRAIN vocab_size=25000  rows truncated at max_tokens=128: 930
train_model: epoch 1/8  mean_loss=0.1549
train_model: epoch 2/8  mean_loss=0.0644
train_model: epoch 3/8  mean_loss=0.0417
train_model: epoch 4/8  mean_loss=0.0312
train_model: epoch 5/8  mean_loss=0.0255
train_model: epoch 6/8  mean_loss=0.0230
train_model: epoch 7/8  mean_loss=0.0180
train_model: epoch 8/8  mean_loss=0.0168
TRAIN wall-clock seconds: 81.2
Frozen threshold: 0.2  Reason: max_scam_recall_subject_to_legit_recall_floor  floor_feasible=True
TEST scam class -> precision: 0.975  recall: 0.981  f1: 0.978
TEST confusion matrix ([[TN, FP], [FN, TP]]): [[3576, 87], [67, 3407]]
Wrote reports/lstm_param_sweep/32_combo_epochs_8__learning_rate_5e-3__embed_dim_256/test_metrics.json, reports/lstm_param_sweep/32_combo_epochs_8__learning_rate_5e-3__embed_dim_256/val_metrics.json, and reports/lstm_param_sweep/32_combo_epochs_8__learning_rate_5e-3__embed_dim_256/confusion_matrix.png
Chat eval: 200 locked rows (threshold=0.2, fitted on 49958 TRAIN rows)
Chat eval scam  -> precision: 0.827  recall: 0.860  f1: 0.843
Chat eval legit -> precision: 0.854  recall: 0.820  f1: 0.837
Chat eval confusion matrix ([[TN, FP], [FN, TP]]): [[82, 18], [14, 86]]
Wrote reports/lstm_param_sweep/32_combo_epochs_8__learning_rate_5e-3__embed_dim_256/chat_style_eval_metrics.json and reports/lstm_param_sweep/32_combo_epochs_8__learning_rate_5e-3__embed_dim_256/chat_eval_confusion_matrix.png
Wrote reports/lstm_param_sweep/32_combo_epochs_8__learning_rate_5e-3__embed_dim_256/comparison_vs_tfidf_and_distilbert.json
Wrote reports/lstm_param_sweep/32_combo_epochs_8__learning_rate_5e-3__embed_dim_256/link_error_analysis.json
Wrote reports/lstm_param_sweep/32_combo_epochs_8__learning_rate_5e-3__embed_dim_256/char_lstm_decision.md  verdict=do_not_explore_char_lstm
